2026-06-18 08:55:49,882 | INFO | app.utils.task_parser | Task contract validated: type=TaskTypeEnum.FUNCTION_WITH_FILES, name=apply_tax
2026-06-18 08:58:18,159 | INFO | app.utils.task_parser | Task contract validated: type=TaskTypeEnum.FUNCTION_WITH_FILES, name=apply_tax
2026-06-18 09:01:33,011 | INFO | app.utils.task_parser | Task contract validated: type=TaskTypeEnum.FUNCTION_WITH_FILES, name=apply_tax
2026-06-18 09:01:42,590 | INFO | app.utils.task_parser | Task contract validated: type=TaskTypeEnum.FUNCTION_WITH_FILES, name=apply_tax
2026-06-18 09:05:33,951 | INFO | app.utils.task_parser | Task contract validated: type=TaskTypeEnum.FUNCTION_WITH_FILES, name=apply_tax
2026-06-18 09:11:10,246 | INFO | app.utils.task_parser | Task contract validated: type=TaskTypeEnum.FUNCTION_WITH_FILES, name=apply_tax
2026-06-18 09:15:33,961 | INFO | app.utils.task_parser | Task contract validated: type=TaskTypeEnum.FUNCTION_WITH_FILES, name=apply_tax
2026-06-18 09:15:43,782 | INFO | app.utils.task_parser | Task contract validated: type=TaskTypeEnum.FUNCTION_WITH_FILES, name=apply_tax
2026-06-18 09:20:04,170 | INFO | app.utils.task_parser | Task contract validated: type=TaskTypeEnum.FUNCTION_WITH_FILES, name=apply_tax
2026-06-18 09:20:13,957 | INFO | app.utils.task_parser | Task contract validated: type=TaskTypeEnum.FUNCTION_WITH_FILES, name=apply_tax
2026-06-18 09:21:51,183 | INFO | app.utils.task_parser | Task contract validated: type=TaskTypeEnum.FUNCTION_WITH_FILES, name=apply_tax
2026-06-18 09:29:05,571 | INFO | app.utils.task_parser | Task contract validated: type=TaskTypeEnum.FUNCTION_WITH_FILES, name=apply_tax
2026-06-18 09:32:34,777 | INFO | app.utils.task_parser | Task contract validated: type=TaskTypeEnum.FUNCTION_WITH_FILES, name=apply_tax
2026-06-18 09:32:44,402 | INFO | app.utils.task_parser | Task contract validated: type=TaskTypeEnum.FUNCTION_WITH_FILES, name=apply_tax
2026-06-18 09:34:12,986 | INFO | app.utils.task_parser | Task contract validated: type=TaskTypeEnum.FUNCTION_WITH_FILES, name=apply_tax
2026-06-18 09:43:47,715 | INFO | app.utils.task_parser | Task contract validated: type=TaskTypeEnum.FUNCTION_WITH_FILES, name=apply_tax
2026-06-18 09:48:37,786 | INFO | app.utils.task_parser | Task contract validated: type=TaskTypeEnum.FUNCTION_WITH_FILES, name=apply_tax
2026-06-18 09:48:47,693 | INFO | app.utils.task_parser | Task contract validated: type=TaskTypeEnum.FUNCTION_WITH_FILES, name=apply_tax
2026-06-18 09:51:11,479 | INFO | app.utils.task_parser | Task contract validated: type=TaskTypeEnum.FUNCTION_WITH_FILES, name=apply_tax
2026-06-18 09:51:35,932 | INFO | app.utils.task_parser | Task contract validated: type=TaskTypeEnum.FUNCTION_WITH_FILES, name=apply_tax
2026-06-18 09:53:55,935 | INFO | app.utils.task_parser | Task contract validated: type=TaskTypeEnum.FUNCTION_WITH_FILES, name=apply_tax
2026-06-18 09:57:06,096 | INFO | app.utils.task_parser | Task contract validated: type=TaskTypeEnum.FUNCTION_WITH_FILES, name=apply_tax
2026-06-18 09:57:53,689 | INFO | app.utils.task_parser | Task contract validated: type=TaskTypeEnum.FUNCTION_WITH_FILES, name=apply_tax
2026-06-18 09:58:56,795 | INFO | app.utils.task_parser | Task contract validated: type=TaskTypeEnum.FUNCTION_WITH_FILES, name=apply_tax
2026-06-18 10:00:27,699 | INFO | app.utils.task_parser | Task contract validated: type=TaskTypeEnum.FUNCTION_WITH_FILES, name=apply_tax
2026-06-18 10:00:37,349 | INFO | app.utils.task_parser | Task contract validated: type=TaskTypeEnum.FUNCTION_WITH_FILES, name=apply_tax
2026-06-18 10:03:47,618 | INFO | app.utils.task_parser | Task contract validated: type=TaskTypeEnum.FUNCTION_WITH_FILES, name=apply_tax
2026-06-18 10:03:57,252 | INFO | app.utils.task_parser | Task contract validated: type=TaskTypeEnum.FUNCTION_WITH_FILES, name=apply_tax
2026-06-18 10:27:29,060 | INFO | app.utils.task_parser | Task contract validated: type=TaskTypeEnum.FUNCTION_WITH_FILES, name=apply_tax
2026-06-18 10:27:38,785 | INFO | app.utils.task_parser | Task contract validated: type=TaskTypeEnum.FUNCTION_WITH_FILES, name=apply_tax
2026-06-18 10:56:55,594 | INFO | app.utils.task_parser | Task contract validated: type=TaskTypeEnum.FUNCTION_WITH_FILES, name=apply_tax
2026-06-18 11:17:25,344 | INFO | app.utils.task_parser | Task contract validated: type=TaskTypeEnum.MAP, name=map_function
2026-06-18 11:17:25,513 | INFO | app.utils.task_parser | Task contract validated: type=TaskTypeEnum.FUNCTION_WITH_FILES, name=apply_tax
2026-06-18 11:31:59,981 | INFO | app.utils.task_parser | Task contract validated: type=TaskTypeEnum.MAP, name=map_function
2026-06-18 13:02:31,912 | INFO | app.utils.task_parser | Task contract validated: type=TaskTypeEnum.SHUFFLE_SORT, name=None
2026-06-18 13:50:02,863 | INFO | app.utils.task_parser | Task contract validated: type=TaskTypeEnum.SHUFFLE_SORT, name=None
2026-06-18 13:54:02,171 | INFO | app.utils.task_parser | Task contract validated: type=TaskTypeEnum.SHUFFLE_SORT, name=None
2026-06-18 14:10:20,286 | INFO | app.utils.task_parser | Task contract validated: type=TaskTypeEnum.SHUFFLE_SORT, name=None
2026-06-18 14:11:21,230 | INFO | app.utils.task_parser | Task contract validated: type=TaskTypeEnum.MAP, name=map_function
2026-06-18 14:17:01,499 | INFO | app.utils.task_parser | Task contract validated: type=TaskTypeEnum.SHUFFLE_SORT, name=None
2026-06-18 14:18:11,426 | INFO | app.utils.task_parser | Task contract validated: type=TaskTypeEnum.SHUFFLE_SORT, name=None
2026-06-18 14:20:36,521 | INFO | app.utils.task_parser | Task contract validated: type=TaskTypeEnum.MAP, name=map_function
2026-06-18 14:23:51,396 | INFO | app.utils.task_parser | Task contract validated: type=TaskTypeEnum.SHUFFLE_SORT, name=None
2026-06-18 14:26:47,067 | INFO | app.utils.task_parser | Task contract validated: type=TaskTypeEnum.SHUFFLE_SORT, name=None
2026-06-18 14:48:09,689 | INFO | app.utils.task_parser | Task contract validated: type=TaskTypeEnum.REDUCE, name=reduce_function
2026-06-18 14:50:54,421 | INFO | app.utils.task_parser | Task contract validated: type=TaskTypeEnum.REDUCE, name=reduce_function
2026-06-18 14:51:04,225 | INFO | app.utils.task_parser | Task contract validated: type=TaskTypeEnum.REDUCE, name=reduce_function
2026-06-18 15:26:01,362 | INFO | app.utils.task_parser | Task contract validated: type=TaskTypeEnum.REDUCE, name=reduce_function
2026-06-18 15:32:59,974 | INFO | app.utils.task_parser | Task contract validated: type=TaskTypeEnum.REDUCE, name=reduce_function
2026-06-18 15:33:40,240 | INFO | app.utils.task_parser | Task contract validated: type=TaskTypeEnum.REDUCE, name=reduce_function
2026-06-18 15:44:33,231 | INFO | app.utils.task_parser | Task contract validated: type=TaskTypeEnum.REDUCE, name=reduce_function
2026-06-18 15:47:50,913 | INFO | app.utils.task_parser | Task contract validated: type=TaskTypeEnum.FUNCTION_WITH_INPUT, name=apply_tax
2026-06-18 15:47:50,941 | INFO | app.utils.task_parser | Task contract validated: type=TaskTypeEnum.REDUCE, name=reduce_function
2026-06-18 16:05:48,170 | INFO | app.utils.task_parser | Task contract validated: type=TaskTypeEnum.FUNCTION_WITH_INPUT, name=apply_tax
2026-06-18 16:05:58,085 | INFO | app.utils.task_parser | Task contract validated: type=TaskTypeEnum.REDUCE, name=reduce_function
2026-06-18 16:17:16,568 | INFO | app.utils.task_parser | Task contract validated: type=TaskTypeEnum.REDUCE, name=reduce_function
2026-06-18 16:17:16,769 | INFO | app.utils.task_parser | Task contract validated: type=TaskTypeEnum.FUNCTION_WITH_INPUT, name=apply_tax
2026-06-18 16:19:14,430 | INFO | app.utils.task_parser | Task contract validated: type=TaskTypeEnum.FUNCTION_WITH_INPUT, name=apply_tax
2026-06-18 16:19:39,446 | INFO | app.utils.task_parser | Task contract validated: type=TaskTypeEnum.FUNCTION_WITH_INPUT, name=apply_tax
2026-06-18 16:19:39,661 | INFO | app.utils.task_parser | Task contract validated: type=TaskTypeEnum.REDUCE, name=reduce_function
2026-06-18 16:20:31,461 | INFO | app.utils.task_parser | Task contract validated: type=TaskTypeEnum.FUNCTION_WITH_INPUT, name=apply_tax
2026-06-18 16:20:56,622 | INFO | app.utils.task_parser | Task contract validated: type=TaskTypeEnum.FUNCTION_WITH_INPUT, name=apply_tax
2026-06-18 16:23:22,546 | INFO | app.utils.task_parser | Task contract validated: type=TaskTypeEnum.REDUCE, name=reduce_function
2026-06-18 16:23:22,552 | INFO | app.utils.task_parser | Task contract validated: type=TaskTypeEnum.FUNCTION_WITH_INPUT, name=apply_tax
2026-06-18 16:30:34,976 | INFO | app.utils.task_parser | Task contract validated: type=TaskTypeEnum.FUNCTION_WITH_INPUT, name=apply_tax
2026-06-18 16:55:01,143 | INFO | app.utils.task_parser | Task contract validated: type=TaskTypeEnum.REDUCE, name=reduce_function
2026-06-18 17:08:30,641 | INFO | app.utils.task_parser | Task contract validated: type=TaskTypeEnum.REDUCE, name=reduce_function
2026-06-18 17:41:07,703 | INFO | app.utils.task_parser | Task contract validated: type=TaskTypeEnum.MAP, name=map_function
2026-06-18 17:48:04,056 | INFO | app.utils.task_parser | Task contract validated: type=TaskTypeEnum.MAP, name=map_function
2026-06-18 17:49:21,765 | INFO | app.utils.task_parser | Task contract validated: type=TaskTypeEnum.MAP, name=map_function
2026-06-18 17:52:17,296 | INFO | app.utils.task_parser | Task contract validated: type=TaskTypeEnum.MAP, name=map_function
2026-06-18 18:02:07,121 | INFO | app.utils.task_parser | Task contract validated: type=TaskTypeEnum.MAP, name=map_function
2026-06-18 19:15:19,094 | INFO | app.utils.task_parser | Task contract validated: type=TaskTypeEnum.MAP, name=map_function
