2026-02-27 19:03:01,045 | INFO | app.services.vm_manager | Firecracker VM started (pid= 50721)
2026-02-27 19:03:01,047 | INFO | app.services.vm_manager | [Firecracker] 2026-02-27T19:02:59.200919876 [anonymous-instance:main] Running Firecracker v1.13.1
2026-02-27 19:03:01,048 | INFO | app.services.vm_manager | [Firecracker] 2026-02-27T19:02:59.211241314 [anonymous-instance:main] Artificially kick devices
2026-02-27 19:03:01,048 | INFO | app.services.vm_manager | [Firecracker] 2026-02-27T19:02:59.211276897 [anonymous-instance:fc_vcpu 1] Received a VcpuEvent::Resume message with immediate_exit enabled. immediate_exit was disabled before proceeding
2026-02-27 19:03:01,048 | INFO | app.services.vm_manager | [Firecracker] 2026-02-27T19:02:59.211306980 [anonymous-instance:fc_vcpu 0] Received a VcpuEvent::Resume message with immediate_exit enabled. immediate_exit was disabled before proceeding
2026-02-27 19:03:01,048 | INFO | app.services.vm_manager | [Firecracker] 2026-02-27T19:02:59.211335127 [anonymous-instance:main] Successfully started microvm that was configured from one single json
2026-02-27 19:03:01,048 | INFO | app.services.vm_manager | [Firecracker] [    0.000000] Linux version 6.1.102 (root@90c0ee253365) (gcc (Ubuntu 11.4.0-1ubuntu1~22.04) 11.4.0, GNU ld (GNU Binutils for Ubuntu) 2.38) #1 SMP PREEMPT_DYNAMIC Wed Oct 30 19:37:10 UTC 2024
2026-02-27 19:03:01,048 | INFO | app.services.vm_manager | [Firecracker] [    0.000000] Command line: console=ttyS0 reboot=k panic=1 pci=off root=/dev/vda rw init=/sbin/init pci=off root=/dev/vda rw virtio_mmio.device=4K@0xc0001000:5 virtio_mmio.device=4K@0xc0002000:6 virtio_mmio.device=4K@0xc0003000:7 virtio_mmio.device=4K@0xc0004000:8
2026-02-27 19:03:01,048 | INFO | app.services.vm_manager | [Firecracker] [    0.000000] KASLR disabled
2026-02-27 19:03:01,049 | INFO | app.services.vm_manager | [Firecracker] [    0.000000] BIOS-provided physical RAM map:
2026-02-27 19:03:01,049 | INFO | app.services.vm_manager | [Firecracker] [    0.000000] BIOS-e820: [mem 0x0000000000000000-0x000000000009fbff] usable
2026-02-27 19:03:01,049 | INFO | app.services.vm_manager | [Firecracker] [    0.000000] BIOS-e820: [mem 0x000000000009fc00-0x00000000000fffff] reserved
2026-02-27 19:03:01,049 | INFO | app.services.vm_manager | [Firecracker] [    0.000000] BIOS-e820: [mem 0x0000000000100000-0x00000000800fffff] usable
2026-02-27 19:03:01,049 | INFO | app.services.vm_manager | [Firecracker] [    0.000000] BIOS-e820: [mem 0x00000000eec00000-0x00000000febfffff] reserved
2026-02-27 19:03:01,049 | INFO | app.services.vm_manager | [Firecracker] [    0.000000] NX (Execute Disable) protection: active
2026-02-27 19:03:01,049 | INFO | app.services.vm_manager | [Firecracker] [    0.000000] DMI not present or invalid.
2026-02-27 19:03:01,049 | INFO | app.services.vm_manager | [Firecracker] [    0.000000] Hypervisor detected: KVM
2026-02-27 19:03:01,049 | INFO | app.services.vm_manager | [Firecracker] [    0.000000] kvm-clock: Using msrs 4b564d01 and 4b564d00
2026-02-27 19:03:01,049 | INFO | app.services.vm_manager | [Firecracker] [    0.000002] kvm-clock: using sched offset of 16611898 cycles
2026-02-27 19:03:01,049 | INFO | app.services.vm_manager | [Firecracker] [    0.000003] clocksource: kvm-clock: mask: 0xffffffffffffffff max_cycles: 0x1cd42e4dffb, max_idle_ns: 881590591483 ns
2026-02-27 19:03:01,049 | INFO | app.services.vm_manager | [Firecracker] [    0.000018] tsc: Detected 3302.400 MHz processor
2026-02-27 19:03:01,049 | INFO | app.services.vm_manager | [Firecracker] [    0.000190] last_pfn = 0x80100 max_arch_pfn = 0x400000000
2026-02-27 19:03:01,049 | INFO | app.services.vm_manager | [Firecracker] [    0.000249] Disabled
2026-02-27 19:03:01,049 | INFO | app.services.vm_manager | [Firecracker] [    0.000252] x86/PAT: MTRRs disabled, skipping PAT initialization too.
2026-02-27 19:03:01,049 | INFO | app.services.vm_manager | [Firecracker] [    0.000277] CPU MTRRs all blank - virtualized system.
2026-02-27 19:03:01,049 | INFO | app.services.vm_manager | [Firecracker] [    0.000284] x86/PAT: Configuration [0-7]: WB  WT  UC- UC  WB  WT  UC- UC  
2026-02-27 19:03:01,049 | INFO | app.services.vm_manager | [Firecracker] [    0.000318] Using GB pages for direct mapping
2026-02-27 19:03:01,049 | INFO | app.services.vm_manager | [Firecracker] [    0.000475] ACPI: Early table checksum verification disabled
2026-02-27 19:03:01,049 | INFO | app.services.vm_manager | [Firecracker] [    0.000519] ACPI: RSDP 0x00000000000E0000 000024 (v02 FIRECK)
2026-02-27 19:03:01,049 | INFO | app.services.vm_manager | [Firecracker] [    0.000532] ACPI: XSDT 0x00000000000A0216 00003C (v01 FIRECK FCMVXSDT 00000000 FCAT 20240119)
2026-02-27 19:03:01,049 | INFO | app.services.vm_manager | [Firecracker] [    0.000549] ACPI: FACP 0x00000000000A007E 000114 (v06 FIRECK FCVMFADT 00000000 FCAT 20240119)
2026-02-27 19:03:01,049 | INFO | app.services.vm_manager | [Firecracker] [    0.000560] ACPI: DSDT 0x000000000009FD44 00033A (v02 FIRECK FCVMDSDT 00000000 FCAT 20240119)
2026-02-27 19:03:01,049 | INFO | app.services.vm_manager | [Firecracker] [    0.000565] ACPI: APIC 0x00000000000A0192 000048 (v06 FIRECK FCVMMADT 00000000 FCAT 20240119)
2026-02-27 19:03:01,049 | INFO | app.services.vm_manager | [Firecracker] [    0.000569] ACPI: MCFG 0x00000000000A01DA 00003C (v01 FIRECK FCMVMCFG 00000000 FCAT 20240119)
2026-02-27 19:03:01,049 | INFO | app.services.vm_manager | [Firecracker] [    0.000571] ACPI: Reserving FACP table memory at [mem 0xa007e-0xa0191]
2026-02-27 19:03:01,050 | INFO | app.services.vm_manager | [Firecracker] [    0.000576] ACPI: Reserving DSDT table memory at [mem 0x9fd44-0xa007d]
2026-02-27 19:03:01,050 | INFO | app.services.vm_manager | [Firecracker] [    0.000577] ACPI: Reserving APIC table memory at [mem 0xa0192-0xa01d9]
2026-02-27 19:03:01,050 | INFO | app.services.vm_manager | [Firecracker] [    0.000577] ACPI: Reserving MCFG table memory at [mem 0xa01da-0xa0215]
2026-02-27 19:03:01,050 | INFO | app.services.vm_manager | [Firecracker] [    0.000669] No NUMA configuration found
2026-02-27 19:03:01,050 | INFO | app.services.vm_manager | [Firecracker] [    0.000670] Faking a node at [mem 0x0000000000000000-0x00000000800fffff]
2026-02-27 19:03:01,050 | INFO | app.services.vm_manager | [Firecracker] [    0.000680] NODE_DATA(0) allocated [mem 0x800de000-0x800fffff]
2026-02-27 19:03:01,050 | INFO | app.services.vm_manager | [Firecracker] [    0.000892] Zone ranges:
2026-02-27 19:03:01,050 | INFO | app.services.vm_manager | [Firecracker] [    0.000895]   DMA      [mem 0x0000000000001000-0x0000000000ffffff]
2026-02-27 19:03:01,050 | INFO | app.services.vm_manager | [Firecracker] [    0.000897]   DMA32    [mem 0x0000000001000000-0x00000000800fffff]
2026-02-27 19:03:01,050 | INFO | app.services.vm_manager | [Firecracker] [    0.000899]   Normal   empty
2026-02-27 19:03:01,050 | INFO | app.services.vm_manager | [Firecracker] [    0.000900] Movable zone start for each node
2026-02-27 19:03:01,050 | INFO | app.services.vm_manager | [Firecracker] [    0.000904] Early memory node ranges
2026-02-27 19:03:01,050 | INFO | app.services.vm_manager | [Firecracker] [    0.000904]   node   0: [mem 0x0000000000001000-0x000000000009efff]
2026-02-27 19:03:01,050 | INFO | app.services.vm_manager | [Firecracker] [    0.000905]   node   0: [mem 0x0000000000100000-0x00000000800fffff]
2026-02-27 19:03:01,050 | INFO | app.services.vm_manager | [Firecracker] [    0.000910] Initmem setup node 0 [mem 0x0000000000001000-0x00000000800fffff]
2026-02-27 19:03:01,050 | INFO | app.services.vm_manager | [Firecracker] [    0.000927] On node 0, zone DMA: 1 pages in unavailable ranges
2026-02-27 19:03:01,050 | INFO | app.services.vm_manager | [Firecracker] [    0.001189] On node 0, zone DMA: 97 pages in unavailable ranges
2026-02-27 19:03:01,050 | INFO | app.services.vm_manager | [Firecracker] [    0.006365] On node 0, zone DMA32: 32512 pages in unavailable ranges
2026-02-27 19:03:01,050 | INFO | app.services.vm_manager | [Firecracker] [    0.006420] IOAPIC[0]: apic_id 0, version 17, address 0xfec00000, GSI 0-23
2026-02-27 19:03:01,050 | INFO | app.services.vm_manager | [Firecracker] [    0.006424] ACPI: Using ACPI (MADT) for SMP configuration information
2026-02-27 19:03:01,050 | INFO | app.services.vm_manager | [Firecracker] [    0.006425] TSC deadline timer available
2026-02-27 19:03:01,050 | INFO | app.services.vm_manager | [Firecracker] [    0.006428] smpboot: Allowing 2 CPUs, 0 hotplug CPUs
2026-02-27 19:03:01,050 | INFO | app.services.vm_manager | [Firecracker] [    0.006447] kvm-guest: KVM setup pv remote TLB flush
2026-02-27 19:03:01,050 | INFO | app.services.vm_manager | [Firecracker] [    0.006450] kvm-guest: setup PV sched yield
2026-02-27 19:03:01,050 | INFO | app.services.vm_manager | [Firecracker] [    0.006463] PM: hibernation: Registered nosave memory: [mem 0x00000000-0x00000fff]
2026-02-27 19:03:01,050 | INFO | app.services.vm_manager | [Firecracker] [    0.006465] PM: hibernation: Registered nosave memory: [mem 0x0009f000-0x0009ffff]
2026-02-27 19:03:01,050 | INFO | app.services.vm_manager | [Firecracker] [    0.006466] PM: hibernation: Registered nosave memory: [mem 0x000a0000-0x000fffff]
2026-02-27 19:03:01,050 | INFO | app.services.vm_manager | [Firecracker] [    0.006467] [mem 0x80100000-0xeebfffff] available for PCI devices
2026-02-27 19:03:01,050 | INFO | app.services.vm_manager | [Firecracker] [    0.006468] Booting paravirtualized kernel on KVM
2026-02-27 19:03:01,050 | INFO | app.services.vm_manager | [Firecracker] [    0.006470] clocksource: refined-jiffies: mask: 0xffffffff max_cycles: 0xffffffff, max_idle_ns: 7645519600211568 ns
2026-02-27 19:03:01,050 | INFO | app.services.vm_manager | [Firecracker] [    0.006477] setup_percpu: NR_CPUS:64 nr_cpumask_bits:2 nr_cpu_ids:2 nr_node_ids:1
2026-02-27 19:03:01,051 | INFO | app.services.vm_manager | [Firecracker] [    0.007817] percpu: Embedded 44 pages/cpu s147880 r0 d32344 u1048576
2026-02-27 19:03:01,051 | INFO | app.services.vm_manager | [Firecracker] [    0.007852] kvm-guest: PV spinlocks enabled
2026-02-27 19:03:01,051 | INFO | app.services.vm_manager | [Firecracker] [    0.007853] PV qspinlock hash table entries: 256 (order: 0, 4096 bytes, linear)
2026-02-27 19:03:01,051 | INFO | app.services.vm_manager | [Firecracker] [    0.007857] Fallback order for Node 0: 0 
2026-02-27 19:03:01,051 | INFO | app.services.vm_manager | [Firecracker] [    0.007860] Built 1 zonelists, mobility grouping on.  Total pages: 516092
2026-02-27 19:03:01,051 | INFO | app.services.vm_manager | [Firecracker] [    0.007861] Policy zone: DMA32
2026-02-27 19:03:01,051 | INFO | app.services.vm_manager | [Firecracker] [    0.007861] Kernel command line: console=ttyS0 reboot=k panic=1 pci=off root=/dev/vda rw init=/sbin/init pci=off root=/dev/vda rw virtio_mmio.device=4K@0xc0001000:5 virtio_mmio.device=4K@0xc0002000:6 virtio_mmio.device=4K@0xc0003000:7 virtio_mmio.device=4K@0xc0004000:8
2026-02-27 19:03:01,051 | INFO | app.services.vm_manager | [Firecracker] [    0.008044] random: crng init done
2026-02-27 19:03:01,051 | INFO | app.services.vm_manager | [Firecracker] [    0.009216] Dentry cache hash table entries: 262144 (order: 9, 2097152 bytes, linear)
2026-02-27 19:03:01,051 | INFO | app.services.vm_manager | [Firecracker] [    0.009773] Inode-cache hash table entries: 131072 (order: 8, 1048576 bytes, linear)
2026-02-27 19:03:01,051 | INFO | app.services.vm_manager | [Firecracker] [    0.009816] mem auto-init: stack:off, heap alloc:off, heap free:off
2026-02-27 19:03:01,051 | INFO | app.services.vm_manager | [Firecracker] [    0.011303] Memory: 236240K/2097784K available (12289K kernel code, 1073K rwdata, 2116K rodata, 2532K init, 2404K bss, 63684K reserved, 0K cma-reserved)
2026-02-27 19:03:01,051 | INFO | app.services.vm_manager | [Firecracker] [    0.011427] SLUB: HWalign=64, Order=0-3, MinObjects=0, CPUs=2, Nodes=1
2026-02-27 19:03:01,051 | INFO | app.services.vm_manager | [Firecracker] [    0.011957] Dynamic Preempt: none
2026-02-27 19:03:01,051 | INFO | app.services.vm_manager | [Firecracker] [    0.011993] rcu: Preemptible hierarchical RCU implementation.
2026-02-27 19:03:01,051 | INFO | app.services.vm_manager | [Firecracker] [    0.011995] rcu: 	RCU restricting CPUs from NR_CPUS=64 to nr_cpu_ids=2.
2026-02-27 19:03:01,051 | INFO | app.services.vm_manager | [Firecracker] [    0.011998] 	Trampoline variant of Tasks RCU enabled.
2026-02-27 19:03:01,051 | INFO | app.services.vm_manager | [Firecracker] [    0.012001] 	Tracing variant of Tasks RCU enabled.
2026-02-27 19:03:01,051 | INFO | app.services.vm_manager | [Firecracker] [    0.012004] rcu: RCU calculated value of scheduler-enlistment delay is 25 jiffies.
2026-02-27 19:03:01,051 | INFO | app.services.vm_manager | [Firecracker] [    0.012005] rcu: Adjusting geometry for rcu_fanout_leaf=16, nr_cpu_ids=2
2026-02-27 19:03:01,051 | INFO | app.services.vm_manager | [Firecracker] [    0.012011] NR_IRQS: 4352, nr_irqs: 40, preallocated irqs: 0
2026-02-27 19:03:01,051 | INFO | app.services.vm_manager | [Firecracker] [    0.012069] rcu: srcu_init: Setting srcu_struct sizes based on contention.
2026-02-27 19:03:01,051 | INFO | app.services.vm_manager | [Firecracker] [    0.012167] Console: colour dummy device 80x25
2026-02-27 19:03:01,051 | INFO | app.services.vm_manager | [Firecracker] [    0.039181] printk: console [ttyS0] enabled
2026-02-27 19:03:01,051 | INFO | app.services.vm_manager | [Firecracker] [    0.039421] ACPI: Core revision 20220331
2026-02-27 19:03:01,051 | INFO | app.services.vm_manager | [Firecracker] [    0.039690] APIC: Switch to symmetric I/O mode setup
2026-02-27 19:03:01,051 | INFO | app.services.vm_manager | [Firecracker] [    0.040118] x2apic enabled
2026-02-27 19:03:01,051 | INFO | app.services.vm_manager | [Firecracker] [    0.040411] Switched APIC routing to physical x2apic.
2026-02-27 19:03:01,051 | INFO | app.services.vm_manager | [Firecracker] [    0.040659] kvm-guest: setup PV IPIs
2026-02-27 19:03:01,051 | INFO | app.services.vm_manager | [Firecracker] [    0.040867] clocksource: tsc-early: mask: 0xffffffffffffffff max_cycles: 0x2f9a2767029, max_idle_ns: 440795219692 ns
2026-02-27 19:03:01,051 | INFO | app.services.vm_manager | [Firecracker] [    0.041393] Calibrating delay loop (skipped) preset value.. 6604.80 BogoMIPS (lpj=13209600)
2026-02-27 19:03:01,052 | INFO | app.services.vm_manager | [Firecracker] [    0.041896] x86/cpu: User Mode Instruction Prevention (UMIP) activated
2026-02-27 19:03:01,052 | INFO | app.services.vm_manager | [Firecracker] [    0.042252] Last level iTLB entries: 4KB 0, 2MB 0, 4MB 0
2026-02-27 19:03:01,052 | INFO | app.services.vm_manager | [Firecracker] [    0.042508] Last level dTLB entries: 4KB 0, 2MB 0, 4MB 0, 1GB 0
2026-02-27 19:03:01,052 | INFO | app.services.vm_manager | [Firecracker] [    0.042798] Spectre V1 : Mitigation: usercopy/swapgs barriers and __user pointer sanitization
2026-02-27 19:03:01,052 | INFO | app.services.vm_manager | [Firecracker] [    0.043222] Spectre V2 : Spectre BHI mitigation: SW BHB clearing on vm exit
2026-02-27 19:03:01,052 | INFO | app.services.vm_manager | [Firecracker] [    0.043524] Spectre V2 : Spectre BHI mitigation: SW BHB clearing on syscall
2026-02-27 19:03:01,052 | INFO | app.services.vm_manager | [Firecracker] [    0.043816] Spectre V2 : Mitigation: Enhanced / Automatic IBRS
2026-02-27 19:03:01,052 | INFO | app.services.vm_manager | [Firecracker] [    0.044062] Spectre V2 : Spectre v2 / SpectreRSB mitigation: Filling RSB on context switch
2026-02-27 19:03:01,052 | INFO | app.services.vm_manager | [Firecracker] [    0.044418] Spectre V2 : Spectre v2 / PBRSB-eIBRS: Retire a single CALL on VMEXIT
2026-02-27 19:03:01,052 | INFO | app.services.vm_manager | [Firecracker] [    0.044732] Spectre V2 : mitigation: Enabling conditional Indirect Branch Prediction Barrier
2026-02-27 19:03:01,052 | INFO | app.services.vm_manager | [Firecracker] [    0.045089] Speculative Store Bypass: Mitigation: Speculative Store Bypass disabled via prctl
2026-02-27 19:03:01,052 | INFO | app.services.vm_manager | [Firecracker] [    0.045391] GDS: Unknown: Dependent on hypervisor status
2026-02-27 19:03:01,052 | INFO | app.services.vm_manager | [Firecracker] [    0.045391] x86/fpu: Supporting XSAVE feature 0x001: 'x87 floating point registers'
2026-02-27 19:03:01,052 | INFO | app.services.vm_manager | [Firecracker] [    0.045391] x86/fpu: Supporting XSAVE feature 0x002: 'SSE registers'
2026-02-27 19:03:01,052 | INFO | app.services.vm_manager | [Firecracker] [    0.045391] x86/fpu: Supporting XSAVE feature 0x004: 'AVX registers'
2026-02-27 19:03:01,052 | INFO | app.services.vm_manager | [Firecracker] [    0.045391] x86/fpu: Supporting XSAVE feature 0x020: 'AVX-512 opmask'
2026-02-27 19:03:01,052 | INFO | app.services.vm_manager | [Firecracker] [    0.045391] x86/fpu: Supporting XSAVE feature 0x040: 'AVX-512 Hi256'
2026-02-27 19:03:01,052 | INFO | app.services.vm_manager | [Firecracker] [    0.045391] x86/fpu: Supporting XSAVE feature 0x080: 'AVX-512 ZMM_Hi256'
2026-02-27 19:03:01,052 | INFO | app.services.vm_manager | [Firecracker] [    0.045391] x86/fpu: Supporting XSAVE feature 0x200: 'Protection Keys User registers'
2026-02-27 19:03:01,052 | INFO | app.services.vm_manager | [Firecracker] [    0.045391] x86/fpu: xstate_offset[2]:  576, xstate_sizes[2]:  256
2026-02-27 19:03:01,052 | INFO | app.services.vm_manager | [Firecracker] [    0.045391] x86/fpu: xstate_offset[5]:  832, xstate_sizes[5]:   64
2026-02-27 19:03:01,052 | INFO | app.services.vm_manager | [Firecracker] [    0.045391] x86/fpu: xstate_offset[6]:  896, xstate_sizes[6]:  512
2026-02-27 19:03:01,052 | INFO | app.services.vm_manager | [Firecracker] [    0.045391] x86/fpu: xstate_offset[7]: 1408, xstate_sizes[7]: 1024
2026-02-27 19:03:01,052 | INFO | app.services.vm_manager | [Firecracker] [    0.045391] x86/fpu: xstate_offset[9]: 2432, xstate_sizes[9]:    8
2026-02-27 19:03:01,052 | INFO | app.services.vm_manager | [Firecracker] [    0.045391] x86/fpu: Enabled xstate features 0x2e7, context size is 2440 bytes, using 'compacted' format.
2026-02-27 19:03:01,052 | INFO | app.services.vm_manager | [Firecracker] [    0.045391] Freeing SMP alternatives memory: 40K
2026-02-27 19:03:01,052 | INFO | app.services.vm_manager | [Firecracker] [    0.045391] pid_max: default: 32768 minimum: 301
2026-02-27 19:03:01,052 | INFO | app.services.vm_manager | [Firecracker] [    0.045391] LSM: Security Framework initializing
2026-02-27 19:03:01,052 | INFO | app.services.vm_manager | [Firecracker] [    0.045391] SELinux:  Initializing.
2026-02-27 19:03:01,052 | INFO | app.services.vm_manager | [Firecracker] [    0.045391] SELinux: CONFIG_SECURITY_SELINUX_CHECKREQPROT_VALUE is non-zero.  This is deprecated and will be rejected in a future kernel release.
2026-02-27 19:03:01,052 | INFO | app.services.vm_manager | [Firecracker] [    0.045391] SELinux: https://github.com/SELinuxProject/selinux-kernel/wiki/DEPRECATE-checkreqprot
2026-02-27 19:03:01,053 | INFO | app.services.vm_manager | [Firecracker] [    0.045391] Mount-cache hash table entries: 4096 (order: 3, 32768 bytes, linear)
2026-02-27 19:03:01,053 | INFO | app.services.vm_manager | [Firecracker] [    0.045391] Mountpoint-cache hash table entries: 4096 (order: 3, 32768 bytes, linear)
2026-02-27 19:03:01,053 | INFO | app.services.vm_manager | [Firecracker] [    0.045391] smpboot: CPU0: Intel(R) Xeon(R) Processor @ 3.30GHz (family: 0x6, model: 0x8c, stepping: 0x1)
2026-02-27 19:03:01,053 | INFO | app.services.vm_manager | [Firecracker] [    0.045391] cblist_init_generic: Setting adjustable number of callback queues.
2026-02-27 19:03:01,053 | INFO | app.services.vm_manager | [Firecracker] [    0.045391] cblist_init_generic: Setting shift to 1 and lim to 1.
2026-02-27 19:03:01,053 | INFO | app.services.vm_manager | [Firecracker] [    0.045391] cblist_init_generic: Setting adjustable number of callback queues.
2026-02-27 19:03:01,053 | INFO | app.services.vm_manager | [Firecracker] [    0.045391] cblist_init_generic: Setting shift to 1 and lim to 1.
2026-02-27 19:03:01,053 | INFO | app.services.vm_manager | [Firecracker] [    0.045391] Performance Events: unsupported p6 CPU model 140 no PMU driver, software events only.
2026-02-27 19:03:01,053 | INFO | app.services.vm_manager | [Firecracker] [    0.045391] signal: max sigframe size: 3632
2026-02-27 19:03:01,053 | INFO | app.services.vm_manager | [Firecracker] [    0.045391] rcu: Hierarchical SRCU implementation.
2026-02-27 19:03:01,053 | INFO | app.services.vm_manager | [Firecracker] [    0.045391] rcu: 	Max phase no-delay instances is 1000.
2026-02-27 19:03:01,053 | INFO | app.services.vm_manager | [Firecracker] [    0.045391] NMI watchdog: Perf NMI watchdog permanently disabled
2026-02-27 19:03:01,053 | INFO | app.services.vm_manager | [Firecracker] [    0.045391] smp: Bringing up secondary CPUs ...
2026-02-27 19:03:01,053 | INFO | app.services.vm_manager | [Firecracker] [    0.045391] x86: Booting SMP configuration:
2026-02-27 19:03:01,053 | INFO | app.services.vm_manager | [Firecracker] 2026-02-27T19:02:59.286428289 [anonymous-instance:fc_vcpu 0] vcpu: IO write @ 0x70:0x1 failed: bus_error: MissingAddressRange
2026-02-27 19:03:01,053 | INFO | app.services.vm_manager | [Firecracker] 2026-02-27T19:02:59.286440232 [anonymous-instance:fc_vcpu 0] vcpu: IO write @ 0x71:0x1 failed: bus_error: MissingAddressRange
2026-02-27 19:03:01,053 | INFO | app.services.vm_manager | [Firecracker] 2026-02-27T19:02:59.286735220 [anonymous-instance:fc_vcpu 0] vcpu: IO write @ 0x70:0x1 failed: bus_error: MissingAddressRange
2026-02-27 19:03:01,053 | INFO | app.services.vm_manager | [Firecracker] 2026-02-27T19:02:59.286740668 [anonymous-instance:fc_vcpu 0] vcpu: IO write @ 0x71:0x1 failed: bus_error: MissingAddressRange
2026-02-27 19:03:01,053 | INFO | app.services.vm_manager | [Firecracker] [    0.045391] .... node  #0, CPUs:      #1
2026-02-27 19:03:01,053 | INFO | app.services.vm_manager | [Firecracker] [    0.045540] smp: Brought up 1 node, 2 CPUs
2026-02-27 19:03:01,053 | INFO | app.services.vm_manager | [Firecracker] [    0.045794] smpboot: Max logical packages: 1
2026-02-27 19:03:01,053 | INFO | app.services.vm_manager | [Firecracker] [    0.046007] smpboot: Total of 2 processors activated (13209.60 BogoMIPS)
2026-02-27 19:03:01,053 | INFO | app.services.vm_manager | [Firecracker] [    0.056434] node 0 deferred pages initialised in 8ms
2026-02-27 19:03:01,053 | INFO | app.services.vm_manager | [Firecracker] [    0.056439] devtmpfs: initialized
2026-02-27 19:03:01,053 | INFO | app.services.vm_manager | [Firecracker] [    0.056439] x86/mm: Memory block size: 128MB
2026-02-27 19:03:01,053 | INFO | app.services.vm_manager | [Firecracker] [    0.057557] clocksource: jiffies: mask: 0xffffffff max_cycles: 0xffffffff, max_idle_ns: 7645041785100000 ns
2026-02-27 19:03:01,053 | INFO | app.services.vm_manager | [Firecracker] [    0.057896] futex hash table entries: 512 (order: 3, 32768 bytes, linear)
2026-02-27 19:03:01,053 | INFO | app.services.vm_manager | [Firecracker] [    0.058395] NET: Registered PF_NETLINK/PF_ROUTE protocol family
2026-02-27 19:03:01,053 | INFO | app.services.vm_manager | [Firecracker] [    0.058710] audit: initializing netlink subsys (disabled)
2026-02-27 19:03:01,053 | INFO | app.services.vm_manager | [Firecracker] [    0.058995] audit: type=2000 audit(1772211779.246:1): state=initialized audit_enabled=0 res=1
2026-02-27 19:03:01,054 | INFO | app.services.vm_manager | [Firecracker] [    0.058995] thermal_sys: Registered thermal governor 'fair_share'
2026-02-27 19:03:01,054 | INFO | app.services.vm_manager | [Firecracker] [    0.058995] thermal_sys: Registered thermal governor 'step_wise'
2026-02-27 19:03:01,054 | INFO | app.services.vm_manager | [Firecracker] [    0.058995] thermal_sys: Registered thermal governor 'user_space'
2026-02-27 19:03:01,054 | INFO | app.services.vm_manager | [Firecracker] [    0.058995] cpuidle: using governor ladder
2026-02-27 19:03:01,054 | INFO | app.services.vm_manager | [Firecracker] [    0.058995] cpuidle: using governor menu
2026-02-27 19:03:01,054 | INFO | app.services.vm_manager | [Firecracker] [    0.061648] HugeTLB: registered 1.00 GiB page size, pre-allocated 0 pages
2026-02-27 19:03:01,054 | INFO | app.services.vm_manager | [Firecracker] [    0.061731] HugeTLB: 16380 KiB vmemmap can be freed for a 1.00 GiB page
2026-02-27 19:03:01,054 | INFO | app.services.vm_manager | [Firecracker] [    0.062071] HugeTLB: registered 2.00 MiB page size, pre-allocated 0 pages
2026-02-27 19:03:01,054 | INFO | app.services.vm_manager | [Firecracker] [    0.062396] HugeTLB: 28 KiB vmemmap can be freed for a 2.00 MiB page
2026-02-27 19:03:01,054 | INFO | app.services.vm_manager | [Firecracker] [    0.062734] ACPI: Added _OSI(Module Device)
2026-02-27 19:03:01,054 | INFO | app.services.vm_manager | [Firecracker] [    0.062734] ACPI: Added _OSI(Processor Device)
2026-02-27 19:03:01,054 | INFO | app.services.vm_manager | [Firecracker] [    0.062734] ACPI: Added _OSI(3.0 _SCP Extensions)
2026-02-27 19:03:01,054 | INFO | app.services.vm_manager | [Firecracker] [    0.062734] ACPI: Added _OSI(Processor Aggregator Device)
2026-02-27 19:03:01,054 | INFO | app.services.vm_manager | [Firecracker] [    0.062734] ACPI: 1 ACPI AML tables successfully acquired and loaded
2026-02-27 19:03:01,054 | INFO | app.services.vm_manager | [Firecracker] [    0.062734] ACPI: Interpreter enabled
2026-02-27 19:03:01,054 | INFO | app.services.vm_manager | [Firecracker] [    0.062734] ACPI: PM: (supports S0)
2026-02-27 19:03:01,054 | INFO | app.services.vm_manager | [Firecracker] [    0.062734] ACPI: Using IOAPIC for interrupt routing
2026-02-27 19:03:01,054 | INFO | app.services.vm_manager | [Firecracker] [    0.065626] iommu: Default domain type: Translated 
2026-02-27 19:03:01,054 | INFO | app.services.vm_manager | [Firecracker] [    0.065865] iommu: DMA domain TLB invalidation policy: lazy mode 
2026-02-27 19:03:01,054 | INFO | app.services.vm_manager | [Firecracker] [    0.066196] SCSI subsystem initialized
2026-02-27 19:03:01,054 | INFO | app.services.vm_manager | [Firecracker] [    0.066386] pps_core: LinuxPPS API ver. 1 registered
2026-02-27 19:03:01,054 | INFO | app.services.vm_manager | [Firecracker] [    0.066625] pps_core: Software ver. 5.3.6 - Copyright 2005-2007 Rodolfo Giometti <giometti@linux.it>
2026-02-27 19:03:01,054 | INFO | app.services.vm_manager | [Firecracker] [    0.067061] PTP clock support registered
2026-02-27 19:03:01,054 | INFO | app.services.vm_manager | [Firecracker] [    0.067326] NetLabel: Initializing
2026-02-27 19:03:01,054 | INFO | app.services.vm_manager | [Firecracker] [    0.067481] NetLabel:  domain hash size = 128
2026-02-27 19:03:01,054 | INFO | app.services.vm_manager | [Firecracker] [    0.067675] NetLabel:  protocols = UNLABELED CIPSOv4 CALIPSO
2026-02-27 19:03:01,054 | INFO | app.services.vm_manager | [Firecracker] [    0.067933] NetLabel:  unlabeled traffic allowed by default
2026-02-27 19:03:01,054 | INFO | app.services.vm_manager | [Firecracker] [    0.068204] clocksource: Switched to clocksource kvm-clock
2026-02-27 19:03:01,054 | INFO | app.services.vm_manager | [Firecracker] [    0.068204] VFS: Disk quotas dquot_6.6.0
2026-02-27 19:03:01,054 | INFO | app.services.vm_manager | [Firecracker] [    0.068204] VFS: Dquot-cache hash table entries: 512 (order 0, 4096 bytes)
2026-02-27 19:03:01,054 | INFO | app.services.vm_manager | [Firecracker] [    0.068204] pnp: PnP ACPI init
2026-02-27 19:03:01,055 | INFO | app.services.vm_manager | [Firecracker] [    0.068204] pnp: PnP ACPI: found 5 devices
2026-02-27 19:03:01,055 | INFO | app.services.vm_manager | [Firecracker] [    0.068204] NET: Registered PF_INET protocol family
2026-02-27 19:03:01,055 | INFO | app.services.vm_manager | [Firecracker] [    0.068204] IP idents hash table entries: 32768 (order: 6, 262144 bytes, linear)
2026-02-27 19:03:01,055 | INFO | app.services.vm_manager | [Firecracker] [    0.068555] tcp_listen_portaddr_hash hash table entries: 1024 (order: 2, 16384 bytes, linear)
2026-02-27 19:03:01,055 | INFO | app.services.vm_manager | [Firecracker] [    0.068966] Table-perturb hash table entries: 65536 (order: 6, 262144 bytes, linear)
2026-02-27 19:03:01,055 | INFO | app.services.vm_manager | [Firecracker] [    0.069343] TCP established hash table entries: 16384 (order: 5, 131072 bytes, linear)
2026-02-27 19:03:01,055 | INFO | app.services.vm_manager | [Firecracker] [    0.069764] TCP bind hash table entries: 16384 (order: 7, 524288 bytes, linear)
2026-02-27 19:03:01,055 | INFO | app.services.vm_manager | [Firecracker] [    0.070373] TCP: Hash tables configured (established 16384 bind 16384)
2026-02-27 19:03:01,055 | INFO | app.services.vm_manager | [Firecracker] [    0.070779] MPTCP token hash table entries: 2048 (order: 3, 49152 bytes, linear)
2026-02-27 19:03:01,055 | INFO | app.services.vm_manager | [Firecracker] [    0.071113] UDP hash table entries: 1024 (order: 3, 32768 bytes, linear)
2026-02-27 19:03:01,055 | INFO | app.services.vm_manager | [Firecracker] [    0.071433] UDP-Lite hash table entries: 1024 (order: 3, 32768 bytes, linear)
2026-02-27 19:03:01,055 | INFO | app.services.vm_manager | [Firecracker] [    0.071522] NET: Registered PF_UNIX/PF_LOCAL protocol family
2026-02-27 19:03:01,055 | INFO | app.services.vm_manager | [Firecracker] [    0.072217] RPC: Registered named UNIX socket transport module.
2026-02-27 19:03:01,055 | INFO | app.services.vm_manager | [Firecracker] [    0.072505] RPC: Registered udp transport module.
2026-02-27 19:03:01,055 | INFO | app.services.vm_manager | [Firecracker] [    0.072732] RPC: Registered tcp transport module.
2026-02-27 19:03:01,055 | INFO | app.services.vm_manager | [Firecracker] [    0.072961] RPC: Registered tcp NFSv4.1 backchannel transport module.
2026-02-27 19:03:01,055 | INFO | app.services.vm_manager | [Firecracker] [    0.073274] NET: Registered PF_XDP protocol family
2026-02-27 19:03:01,055 | INFO | app.services.vm_manager | [Firecracker] [    0.073538] clocksource: tsc: mask: 0xffffffffffffffff max_cycles: 0x2f9a2767029, max_idle_ns: 440795219692 ns
2026-02-27 19:03:01,055 | INFO | app.services.vm_manager | [Firecracker] [    0.074068] clocksource: Switched to clocksource tsc
2026-02-27 19:03:01,055 | INFO | app.services.vm_manager | [Firecracker] [    0.074346] platform rtc_cmos: registered platform RTC device (no PNP device found)
2026-02-27 19:03:01,055 | INFO | app.services.vm_manager | [Firecracker] 2026-02-27T19:02:59.318929692 [anonymous-instance:fc_vcpu 0] vcpu: IO read @ 0x87:0x1 failed: bus_error: MissingAddressRange
2026-02-27 19:03:01,055 | INFO | app.services.vm_manager | [Firecracker] [    0.075048] Initialise system trusted keyrings
2026-02-27 19:03:01,055 | INFO | app.services.vm_manager | [Firecracker] [    0.075283] Key type blacklist registered
2026-02-27 19:03:01,055 | INFO | app.services.vm_manager | [Firecracker] [    0.075532] workingset: timestamp_bits=36 max_order=19 bucket_order=0
2026-02-27 19:03:01,055 | INFO | app.services.vm_manager | [Firecracker] [    0.076765] zbud: loaded
2026-02-27 19:03:01,055 | INFO | app.services.vm_manager | [Firecracker] [    0.077140] squashfs: version 4.0 (2009/01/31) Phillip Lougher
2026-02-27 19:03:01,055 | INFO | app.services.vm_manager | [Firecracker] [    0.077526] NFS: Registering the id_resolver key type
2026-02-27 19:03:01,055 | INFO | app.services.vm_manager | [Firecracker] [    0.077773] Key type id_resolver registered
2026-02-27 19:03:01,055 | INFO | app.services.vm_manager | [Firecracker] [    0.077978] Key type id_legacy registered
2026-02-27 19:03:01,055 | INFO | app.services.vm_manager | [Firecracker] [    0.078209] nfs4filelayout_init: NFSv4 File Layout Driver Registering...
2026-02-27 19:03:01,055 | INFO | app.services.vm_manager | [Firecracker] [    0.078664] SGI XFS with ACLs, security attributes, quota, no debug enabled
2026-02-27 19:03:01,056 | INFO | app.services.vm_manager | [Firecracker] [    0.083306] Key type asymmetric registered
2026-02-27 19:03:01,056 | INFO | app.services.vm_manager | [Firecracker] [    0.083494] Asymmetric key parser 'x509' registered
2026-02-27 19:03:01,056 | INFO | app.services.vm_manager | [Firecracker] [    0.083737] Block layer SCSI generic (bsg) driver version 0.4 loaded (major 251)
2026-02-27 19:03:01,056 | INFO | app.services.vm_manager | [Firecracker] [    0.084123] io scheduler mq-deadline registered
2026-02-27 19:03:01,056 | INFO | app.services.vm_manager | [Firecracker] [    0.084351] io scheduler kyber registered
2026-02-27 19:03:01,056 | INFO | app.services.vm_manager | [Firecracker] [    0.084561] io scheduler bfq registered
2026-02-27 19:03:01,056 | INFO | app.services.vm_manager | [Firecracker] [    0.085190] Serial: 8250/16550 driver, 1 ports, IRQ sharing disabled
2026-02-27 19:03:01,056 | INFO | app.services.vm_manager | [Firecracker] [    0.085554] 00:00: ttyS0 at I/O 0x3f8 (irq = 29, base_baud = 115200) is a 16550A
2026-02-27 19:03:01,056 | INFO | app.services.vm_manager | [Firecracker] [    0.088519] loop: module loaded
2026-02-27 19:03:01,056 | INFO | app.services.vm_manager | [Firecracker] [    0.088723] virtio_blk virtio0: 1/0/0 default/read/poll queues
2026-02-27 19:03:01,056 | INFO | app.services.vm_manager | [Firecracker] [    0.089131] virtio_blk virtio0: [vda] 4194304 512-byte logical blocks (2.15 GB/2.00 GiB)
2026-02-27 19:03:01,056 | INFO | app.services.vm_manager | [Firecracker] [    0.089867] virtio_blk virtio1: 1/0/0 default/read/poll queues
2026-02-27 19:03:01,056 | INFO | app.services.vm_manager | [Firecracker] [    0.090304] virtio_blk virtio1: [vdb] 4196352 512-byte logical blocks (2.15 GB/2.00 GiB)
2026-02-27 19:03:01,056 | INFO | app.services.vm_manager | [Firecracker] [    0.090966] Loading iSCSI transport class v2.0-870.
2026-02-27 19:03:01,056 | INFO | app.services.vm_manager | [Firecracker] [    0.091418] iscsi: registered transport (tcp)
2026-02-27 19:03:01,056 | INFO | app.services.vm_manager | [Firecracker] [    0.092090] intel_pstate: CPU model not supported
2026-02-27 19:03:01,056 | INFO | app.services.vm_manager | [Firecracker] [    0.092352] hid: raw HID events driver (C) Jiri Kosina
2026-02-27 19:03:01,056 | INFO | app.services.vm_manager | [Firecracker] [    0.093301] Initializing XFRM netlink socket
2026-02-27 19:03:01,056 | INFO | app.services.vm_manager | [Firecracker] [    0.093576] NET: Registered PF_INET6 protocol family
2026-02-27 19:03:01,056 | INFO | app.services.vm_manager | [Firecracker] [    0.094190] Segment Routing with IPv6
2026-02-27 19:03:01,056 | INFO | app.services.vm_manager | [Firecracker] [    0.094392] In-situ OAM (IOAM) with IPv6
2026-02-27 19:03:01,056 | INFO | app.services.vm_manager | [Firecracker] [    0.095664] bpfilter: Loaded bpfilter_umh pid 164
2026-02-27 19:03:01,056 | INFO | app.services.vm_manager | [Firecracker] [    0.096075] NET: Registered PF_PACKET protocol family
2026-02-27 19:03:01,056 | INFO | app.services.vm_manager | [Firecracker] [    0.096344] Bridge firewalling registered
2026-02-27 19:03:01,056 | INFO | app.services.vm_manager | [Firecracker] [    0.096589] Key type dns_resolver registered
2026-02-27 19:03:01,056 | INFO | app.services.vm_manager | [Firecracker] [    0.096827] NET: Registered PF_VSOCK protocol family
2026-02-27 19:03:01,056 | INFO | app.services.vm_manager | [Firecracker] [    0.098508] IPI shorthand broadcast: enabled
2026-02-27 19:03:01,056 | INFO | app.services.vm_manager | [Firecracker] [    0.098737] sched_clock: Marking stable (68006175, 29314816)->(123220776, -25899785)
2026-02-27 19:03:01,056 | INFO | app.services.vm_manager | [Firecracker] [    0.099197] registered taskstats version 1
2026-02-27 19:03:01,056 | INFO | app.services.vm_manager | [Firecracker] [    0.099530] Loading compiled-in X.509 certificates
2026-02-27 19:03:01,056 | INFO | app.services.vm_manager | [Firecracker] [    0.099836] zswap: loaded using pool lzo/zbud
2026-02-27 19:03:01,057 | INFO | app.services.vm_manager | [Firecracker] [    0.100141] Key type .fscrypt registered
2026-02-27 19:03:01,057 | INFO | app.services.vm_manager | [Firecracker] [    0.100336] Key type fscrypt-provisioning registered
2026-02-27 19:03:01,057 | INFO | app.services.vm_manager | [Firecracker] [    0.100701] Key type encrypted registered
2026-02-27 19:03:01,057 | INFO | app.services.vm_manager | [Firecracker] [    0.102121] clk: Disabling unused clocks
2026-02-27 19:03:01,057 | INFO | app.services.vm_manager | [Firecracker] [    0.105476] EXT4-fs (vda): recovery complete
2026-02-27 19:03:01,057 | INFO | app.services.vm_manager | [Firecracker] [    0.105626] EXT4-fs (vda): mounted filesystem with ordered data mode. Quota mode: none.
2026-02-27 19:03:01,057 | INFO | app.services.vm_manager | [Firecracker] [    0.105857] VFS: Mounted root (ext4 filesystem) on device 254:0.
2026-02-27 19:03:01,057 | INFO | app.services.vm_manager | [Firecracker] [    0.106064] devtmpfs: mounted
2026-02-27 19:03:01,057 | INFO | app.services.vm_manager | [Firecracker] [    0.106598] Freeing unused kernel image (initmem) memory: 2532K
2026-02-27 19:03:01,057 | INFO | app.services.vm_manager | [Firecracker] [    0.106772] Write protecting the kernel read-only data: 18432k
2026-02-27 19:03:01,057 | INFO | app.services.vm_manager | [Firecracker] [    0.107922] Freeing unused kernel image (text/rodata gap) memory: 2044K
2026-02-27 19:03:01,057 | INFO | app.services.vm_manager | [Firecracker] [    0.109261] Freeing unused kernel image (rodata/data gap) memory: 1980K
2026-02-27 19:03:01,057 | INFO | app.services.vm_manager | [Firecracker] [    0.109471] Run /sbin/init as init process
2026-02-27 19:03:01,057 | INFO | app.services.vm_manager | [Firecracker] SELinux:  Could not open policy file <= /etc/selinux/targeted/policy/policy.33:  No such file or directory
2026-02-27 19:03:01,057 | INFO | app.services.vm_manager | [Firecracker] [    0.121550] systemd[1]: systemd 249.11-0ubuntu3.17 running in system mode (+PAM +AUDIT +SELINUX +APPARMOR +IMA +SMACK +SECCOMP +GCRYPT +GNUTLS +OPENSSL +ACL +BLKID +CURL +ELFUTILS +FIDO2 +IDN2 -IDN +IPTC +KMOD +LIBCRYPTSETUP +LIBFDISK +PCRE2 -PWQUALITY -P11KIT -QRENCODE +BZIP2 +LZ4 +XZ +ZLIB +ZSTD -XKBCOMMON +UTMP +SYSVINIT default-hierarchy=unified)
2026-02-27 19:03:01,057 | INFO | app.services.vm_manager | [Firecracker] [    0.122449] systemd[1]: Detected virtualization kvm.
2026-02-27 19:03:01,057 | INFO | app.services.vm_manager | [Firecracker] [    0.122604] systemd[1]: Detected architecture x86-64.
2026-02-27 19:03:01,057 | INFO | app.services.vm_manager | [Firecracker] 
2026-02-27 19:03:01,057 | INFO | app.services.vm_manager | [Firecracker] Welcome to [1mUbuntu 22.04.5 LTS[0m!
2026-02-27 19:03:01,057 | INFO | app.services.vm_manager | [Firecracker] 
2026-02-27 19:03:01,057 | INFO | app.services.vm_manager | [Firecracker] [    0.123155] systemd[1]: Hostname set to <5f823b91f102>.
2026-02-27 19:03:01,057 | INFO | app.services.vm_manager | [Firecracker] [    0.171507] systemd[1]: Configuration file /run/systemd/system/netplan-ovs-cleanup.service is marked world-inaccessible. This has no effect as configuration data is accessible via APIs without restrictions. Proceeding anyway.
2026-02-27 19:03:01,057 | INFO | app.services.vm_manager | [Firecracker] [    0.182064] systemd[1]: Queued start job for default target Graphical Interface.
2026-02-27 19:03:01,057 | INFO | app.services.vm_manager | [Firecracker] [    0.198074] systemd[1]: Created slice Slice /system/getty.
2026-02-27 19:03:01,057 | INFO | app.services.vm_manager | [Firecracker] [[0;32m  OK  [0m] Created slice [0;1;39mSlice /system/getty[0m.
2026-02-27 19:03:01,057 | INFO | app.services.vm_manager | [Firecracker] [    0.198827] systemd[1]: Created slice Slice /system/modprobe.
2026-02-27 19:03:01,057 | INFO | app.services.vm_manager | [Firecracker] [[0;32m  OK  [0m] Created slice [0;1;39mSlice /system/modprobe[0m.
2026-02-27 19:03:01,057 | INFO | app.services.vm_manager | [Firecracker] [    0.199641] systemd[1]: Created slice Slice /system/serial-getty.
2026-02-27 19:03:01,057 | INFO | app.services.vm_manager | [Firecracker] [[0;32m  OK  [0m] Created slice [0;1;39mSlice /system/serial-getty[0m.
2026-02-27 19:03:01,057 | INFO | app.services.vm_manager | [Firecracker] [    0.200261] systemd[1]: Created slice User and Session Slice.
2026-02-27 19:03:01,058 | INFO | app.services.vm_manager | [Firecracker] [[0;32m  OK  [0m] Created slice [0;1;39mUser and Session Slice[0m.
2026-02-27 19:03:01,058 | INFO | app.services.vm_manager | [Firecracker] [    0.200744] systemd[1]: Started Dispatch Password Requests to Console Directory Watch.
2026-02-27 19:03:01,058 | INFO | app.services.vm_manager | [Firecracker] [[0;32m  OK  [0m] Started [0;1;39mDispatch Password …ts to Console Directory Watch[0m.
2026-02-27 19:03:01,058 | INFO | app.services.vm_manager | [Firecracker] [    0.201347] systemd[1]: Started Forward Password Requests to Wall Directory Watch.
2026-02-27 19:03:01,058 | INFO | app.services.vm_manager | [Firecracker] [[0;32m  OK  [0m] Started [0;1;39mForward Password R…uests to Wall Directory Watch[0m.
2026-02-27 19:03:01,058 | INFO | app.services.vm_manager | [Firecracker] [    0.201978] systemd[1]: Set up automount Arbitrary Executable File Formats File System Automount Point.
2026-02-27 19:03:01,058 | INFO | app.services.vm_manager | [Firecracker] [[0;32m  OK  [0m] Set up automount [0;1;39mArbitrary…s File System Automount Point[0m.
2026-02-27 19:03:01,058 | INFO | app.services.vm_manager | [Firecracker] [    0.202632] systemd[1]: Reached target Local Encrypted Volumes.
2026-02-27 19:03:01,058 | INFO | app.services.vm_manager | [Firecracker] [[0;32m  OK  [0m] Reached target [0;1;39mLocal Encrypted Volumes[0m.
2026-02-27 19:03:01,058 | INFO | app.services.vm_manager | [Firecracker] [    0.203074] systemd[1]: Reached target Path Units.
2026-02-27 19:03:01,058 | INFO | app.services.vm_manager | [Firecracker] [[0;32m  OK  [0m] Reached target [0;1;39mPath Units[0m.
2026-02-27 19:03:01,058 | INFO | app.services.vm_manager | [Firecracker] [    0.203611] systemd[1]: Reached target Remote File Systems.
2026-02-27 19:03:01,058 | INFO | app.services.vm_manager | [Firecracker] [[0;32m  OK  [0m] Reached target [0;1;39mRemote File Systems[0m.
2026-02-27 19:03:01,058 | INFO | app.services.vm_manager | [Firecracker] [    0.204037] systemd[1]: Reached target Slice Units.
2026-02-27 19:03:01,058 | INFO | app.services.vm_manager | [Firecracker] [[0;32m  OK  [0m] Reached target [0;1;39mSlice Units[0m.
2026-02-27 19:03:01,058 | INFO | app.services.vm_manager | [Firecracker] [    0.204417] systemd[1]: Reached target Swaps.
2026-02-27 19:03:01,058 | INFO | app.services.vm_manager | [Firecracker] [[0;32m  OK  [0m] Reached target [0;1;39mSwaps[0m.
2026-02-27 19:03:01,058 | INFO | app.services.vm_manager | [Firecracker] [    0.204756] systemd[1]: Reached target Local Verity Protected Volumes.
2026-02-27 19:03:01,058 | INFO | app.services.vm_manager | [Firecracker] [[0;32m  OK  [0m] Reached target [0;1;39mLocal Verity Protected Volumes[0m.
2026-02-27 19:03:01,058 | INFO | app.services.vm_manager | [Firecracker] [    0.205290] systemd[1]: Listening on initctl Compatibility Named Pipe.
2026-02-27 19:03:01,058 | INFO | app.services.vm_manager | [Firecracker] [[0;32m  OK  [0m] Listening on [0;1;39minitctl Compatibility Named Pipe[0m.
2026-02-27 19:03:01,058 | INFO | app.services.vm_manager | [Firecracker] [    0.205943] systemd[1]: Listening on Journal Audit Socket.
2026-02-27 19:03:01,058 | INFO | app.services.vm_manager | [Firecracker] [[0;32m  OK  [0m] Listening on [0;1;39mJournal Audit Socket[0m.
2026-02-27 19:03:01,058 | INFO | app.services.vm_manager | [Firecracker] [    0.206604] systemd[1]: Listening on Journal Socket (/dev/log).
2026-02-27 19:03:01,058 | INFO | app.services.vm_manager | [Firecracker] [[0;32m  OK  [0m] Listening on [0;1;39mJournal Socket (/dev/log)[0m.
2026-02-27 19:03:01,058 | INFO | app.services.vm_manager | [Firecracker] [    0.207100] systemd[1]: Listening on Journal Socket.
2026-02-27 19:03:01,058 | INFO | app.services.vm_manager | [Firecracker] [[0;32m  OK  [0m] Listening on [0;1;39mJournal Socket[0m.
2026-02-27 19:03:01,058 | INFO | app.services.vm_manager | [Firecracker] [    0.207556] systemd[1]: Listening on Network Service Netlink Socket.
2026-02-27 19:03:01,058 | INFO | app.services.vm_manager | [Firecracker] [[0;32m  OK  [0m] Listening on [0;1;39mNetwork Service Netlink Socket[0m.
2026-02-27 19:03:01,058 | INFO | app.services.vm_manager | [Firecracker] [    0.208077] systemd[1]: Listening on udev Control Socket.
2026-02-27 19:03:01,058 | INFO | app.services.vm_manager | [Firecracker] [[0;32m  OK  [0m] Listening on [0;1;39mudev Control Socket[0m.
2026-02-27 19:03:01,059 | INFO | app.services.vm_manager | [Firecracker] [    0.208508] systemd[1]: Listening on udev Kernel Socket.
2026-02-27 19:03:01,059 | INFO | app.services.vm_manager | [Firecracker] [[0;32m  OK  [0m] Listening on [0;1;39mudev Kernel Socket[0m.
2026-02-27 19:03:01,059 | INFO | app.services.vm_manager | [Firecracker] [    0.209441] systemd[1]: Mounting Huge Pages File System...
2026-02-27 19:03:01,059 | INFO | app.services.vm_manager | [Firecracker]          Mounting [0;1;39mHuge Pages File System[0m...
2026-02-27 19:03:01,059 | INFO | app.services.vm_manager | [Firecracker] [    0.210942] systemd[1]: Mounting POSIX Message Queue File System...
2026-02-27 19:03:01,059 | INFO | app.services.vm_manager | [Firecracker]          Mounting [0;1;39mPOSIX Message Queue File System[0m...
2026-02-27 19:03:01,059 | INFO | app.services.vm_manager | [Firecracker] [    0.211858] systemd[1]: Mounting Kernel Debug File System...
2026-02-27 19:03:01,059 | INFO | app.services.vm_manager | [Firecracker]          Mounting [0;1;39mKernel Debug File System[0m...
2026-02-27 19:03:01,059 | INFO | app.services.vm_manager | [Firecracker] [    0.212306] systemd[1]: Condition check resulted in Kernel Trace File System being skipped.
2026-02-27 19:03:01,059 | INFO | app.services.vm_manager | [Firecracker] [    0.213273] systemd[1]: Starting Journal Service...
2026-02-27 19:03:01,059 | INFO | app.services.vm_manager | [Firecracker]          Starting [0;1;39mJournal Service[0m...
2026-02-27 19:03:01,059 | INFO | app.services.vm_manager | [Firecracker] [    0.214285] systemd[1]: Condition check resulted in Create List of Static Device Nodes being skipped.
2026-02-27 19:03:01,059 | INFO | app.services.vm_manager | [Firecracker] [    0.216326] systemd[1]: Starting Load Kernel Module configfs...
2026-02-27 19:03:01,059 | INFO | app.services.vm_manager | [Firecracker]          Starting [0;1;39mLoad Kernel Module configfs[0m...
2026-02-27 19:03:01,059 | INFO | app.services.vm_manager | [Firecracker] [    0.218448] systemd[1]: Starting Load Kernel Module drm...
2026-02-27 19:03:01,059 | INFO | app.services.vm_manager | [Firecracker]          Starting [0;1;39mLoad Kernel Module drm[0m...
2026-02-27 19:03:01,059 | INFO | app.services.vm_manager | [Firecracker] [    0.219355] systemd[1]: Starting Load Kernel Module efi_pstore...
2026-02-27 19:03:01,059 | INFO | app.services.vm_manager | [Firecracker]          Starting [0;1;39mLoad Kernel Module efi_pstore[0m...
2026-02-27 19:03:01,059 | INFO | app.services.vm_manager | [Firecracker] [    0.221396] systemd[1]: Starting Load Kernel Module fuse...
2026-02-27 19:03:01,059 | INFO | app.services.vm_manager | [Firecracker]          Starting [0;1;39mLoad Kernel Module fuse[0m...
2026-02-27 19:03:01,059 | INFO | app.services.vm_manager | [Firecracker] [    0.221859] systemd[1]: Condition check resulted in OpenVSwitch configuration for cleanup being skipped.
2026-02-27 19:03:01,059 | INFO | app.services.vm_manager | [Firecracker] [    0.223421] systemd[1]: Starting Load Kernel Modules...
2026-02-27 19:03:01,059 | INFO | app.services.vm_manager | [Firecracker]          Starting [0;1;39mLoad Kernel Modules[0m...
2026-02-27 19:03:01,059 | INFO | app.services.vm_manager | [Firecracker] [    0.224622] systemd[1]: Starting Generate network units from Kernel command line...
2026-02-27 19:03:01,059 | INFO | app.services.vm_manager | [Firecracker]          Starting [0;1;39mGenerate network …ts from Kernel command line[0m...
2026-02-27 19:03:01,059 | INFO | app.services.vm_manager | [Firecracker] [    0.227540] systemd[1]: Starting Remount Root and Kernel File Systems...
2026-02-27 19:03:01,059 | INFO | app.services.vm_manager | [Firecracker]          Starting [0;1;39mRemount Root and Kernel File Systems[0m...
2026-02-27 19:03:01,059 | INFO | app.services.vm_manager | [Firecracker] [    0.229014] systemd[1]: Starting Coldplug All udev Devices...
2026-02-27 19:03:01,059 | INFO | app.services.vm_manager | [Firecracker]          Starting [0;1;39mColdplug All udev Devices[0m...
2026-02-27 19:03:01,059 | INFO | app.services.vm_manager | [Firecracker] [    0.230980] systemd[1]: Started Journal Service.
2026-02-27 19:03:01,059 | INFO | app.services.vm_manager | [Firecracker] [[0;32m  OK  [0m] Started [0;1;39mJournal Service[0m.
2026-02-27 19:03:01,060 | INFO | app.services.vm_manager | [Firecracker] [[0;32m  OK  [0m] Mounted [0;1;39mHuge Pages File System[0m.
2026-02-27 19:03:01,060 | INFO | app.services.vm_manager | [Firecracker] [[0;32m  OK  [0m] Mounted [0;1;39mPOSIX Message Queue File System[0m.
2026-02-27 19:03:01,060 | INFO | app.services.vm_manager | [Firecracker] [[0;32m  OK  [0m] Mounted [0;1;39mKernel Debug File System[0m.
2026-02-27 19:03:01,060 | INFO | app.services.vm_manager | [Firecracker] [[0;32m  OK  [0m] Finished [0;1;39mLoad Kernel Module configfs[0m.
2026-02-27 19:03:01,060 | INFO | app.services.vm_manager | [Firecracker] [[0;32m  OK  [0m] Finished [0;1;39mLoad Kernel Module drm[0m.
2026-02-27 19:03:01,060 | INFO | app.services.vm_manager | [Firecracker] [[0;32m  OK  [0m] Finished [0;1;39mLoad Kernel Module efi_pstore[0m.
2026-02-27 19:03:01,060 | INFO | app.services.vm_manager | [Firecracker] [[0;32m  OK  [0m] Finished [0;1;39mLoad Kernel Module fuse[0m.
2026-02-27 19:03:01,060 | INFO | app.services.vm_manager | [Firecracker] [[0;32m  OK  [0m] Finished [0;1;39mLoad Kernel Modules[0m.
2026-02-27 19:03:01,060 | INFO | app.services.vm_manager | [Firecracker] [[0;32m  OK  [0m] Finished [0;1;39mGenerate network units from Kernel command line[0m.
2026-02-27 19:03:01,060 | INFO | app.services.vm_manager | [Firecracker] [[0;32m  OK  [0m] Finished [0;1;39mRemount Root and Kernel File Systems[0m.
2026-02-27 19:03:01,060 | INFO | app.services.vm_manager | [Firecracker] [[0;32m  OK  [0m] Reached target [0;1;39mPreparation for Network[0m.
2026-02-27 19:03:01,060 | INFO | app.services.vm_manager | [Firecracker]          Starting [0;1;39mFlush Journal to Persistent Storage[0m...
2026-02-27 19:03:01,060 | INFO | app.services.vm_manager | [Firecracker]          Starting [0;1;39mLoad/Save Random Seed[0m...
2026-02-27 19:03:01,060 | INFO | app.services.vm_manager | [Firecracker] [    0.245409] systemd-journald[264]: Received client request to flush runtime journal.
2026-02-27 19:03:01,060 | INFO | app.services.vm_manager | [Firecracker]          Starting [0;1;39mApply Kernel Variables[0m...
2026-02-27 19:03:01,060 | INFO | app.services.vm_manager | [Firecracker]          Starting [0;1;39mCreate System Users[0m...
2026-02-27 19:03:01,060 | INFO | app.services.vm_manager | [Firecracker] [[0;32m  OK  [0m] Finished [0;1;39mColdplug All udev Devices[0m.
2026-02-27 19:03:01,060 | INFO | app.services.vm_manager | [Firecracker] [    0.255685] systemd-journald[264]: File /var/log/journal/cbb591d1c12b45c5bc4126023e315dde/system.journal corrupted or uncleanly shut down, renaming and replacing.
2026-02-27 19:03:01,060 | INFO | app.services.vm_manager | [Firecracker] [[0;32m  OK  [0m] Finished [0;1;39mLoad/Save Random Seed[0m.
2026-02-27 19:03:01,060 | INFO | app.services.vm_manager | [Firecracker] [[0;32m  OK  [0m] Finished [0;1;39mApply Kernel Variables[0m.
2026-02-27 19:03:01,060 | INFO | app.services.vm_manager | [Firecracker] [[0;32m  OK  [0m] Finished [0;1;39mCreate System Users[0m.
2026-02-27 19:03:01,060 | INFO | app.services.vm_manager | [Firecracker]          Starting [0;1;39mCreate Static Device Nodes in /dev[0m...
2026-02-27 19:03:01,060 | INFO | app.services.vm_manager | [Firecracker] [[0;32m  OK  [0m] Finished [0;1;39mFlush Journal to Persistent Storage[0m.
2026-02-27 19:03:01,060 | INFO | app.services.vm_manager | [Firecracker] [[0;32m  OK  [0m] Finished [0;1;39mCreate Static Device Nodes in /dev[0m.
2026-02-27 19:03:01,060 | INFO | app.services.vm_manager | [Firecracker] [[0;32m  OK  [0m] Reached target [0;1;39mPreparation for Local File Systems[0m.
2026-02-27 19:03:01,060 | INFO | app.services.vm_manager | [Firecracker] [[0;32m  OK  [0m] Reached target [0;1;39mLocal File Systems[0m.
2026-02-27 19:03:01,060 | INFO | app.services.vm_manager | [Firecracker]          Starting [0;1;39mSet Up Additional Binary Formats[0m...
2026-02-27 19:03:01,060 | INFO | app.services.vm_manager | [Firecracker]          Starting [0;1;39mCreate Volatile Files and Directories[0m...
2026-02-27 19:03:01,060 | INFO | app.services.vm_manager | [Firecracker]          Starting [0;1;39mRule-based Manage…for Device Events and Files[0m...
2026-02-27 19:03:01,060 | INFO | app.services.vm_manager | [Firecracker]          Mounting [0;1;39mArbitrary Executable File Formats File System[0m...
2026-02-27 19:03:01,060 | INFO | app.services.vm_manager | [Firecracker] [[0;32m  OK  [0m] Mounted [0;1;39mArbitrary Executable File Formats File System[0m.
2026-02-27 19:03:01,061 | INFO | app.services.vm_manager | [Firecracker] [[0;32m  OK  [0m] Finished [0;1;39mCreate Volatile Files and Directories[0m.
2026-02-27 19:03:01,061 | INFO | app.services.vm_manager | [Firecracker]          Starting [0;1;39mNetwork Time Synchronization[0m...
2026-02-27 19:03:01,061 | INFO | app.services.vm_manager | [Firecracker]          Starting [0;1;39mRecord System Boot/Shutdown in UTMP[0m...
2026-02-27 19:03:01,061 | INFO | app.services.vm_manager | [Firecracker] [[0;32m  OK  [0m] Finished [0;1;39mSet Up Additional Binary Formats[0m.
2026-02-27 19:03:01,061 | INFO | app.services.vm_manager | [Firecracker] [[0;32m  OK  [0m] Finished [0;1;39mRecord System Boot/Shutdown in UTMP[0m.
2026-02-27 19:03:01,061 | INFO | app.services.vm_manager | [Firecracker] [[0;32m  OK  [0m] Started [0;1;39mRule-based Manager for Device Events and Files[0m.
2026-02-27 19:03:01,061 | INFO | app.services.vm_manager | [Firecracker]          Starting [0;1;39mNetwork Configuration[0m...
2026-02-27 19:03:01,061 | INFO | app.services.vm_manager | [Firecracker] [[0;32m  OK  [0m] Found device [0;1;39m/dev/ttyS0[0m.
2026-02-27 19:03:01,061 | INFO | app.services.vm_manager | [Firecracker] [[0;32m  OK  [0m] Started [0;1;39mNetwork Configuration[0m.
2026-02-27 19:03:01,061 | INFO | app.services.vm_manager | [Firecracker]          Starting [0;1;39mWait for Network to be Configured[0m...
2026-02-27 19:03:01,061 | INFO | app.services.vm_manager | [Firecracker]          Starting [0;1;39mNetwork Name Resolution[0m...
2026-02-27 19:03:01,061 | INFO | app.services.vm_manager | [Firecracker] [[0;32m  OK  [0m] Started [0;1;39mNetwork Time Synchronization[0m.
2026-02-27 19:03:01,061 | INFO | app.services.vm_manager | [Firecracker] [[0;32m  OK  [0m] Reached target [0;1;39mSystem Initialization[0m.
2026-02-27 19:03:01,061 | INFO | app.services.vm_manager | [Firecracker] [[0;32m  OK  [0m] Started [0;1;39mDaily Cleanup of Temporary Directories[0m.
2026-02-27 19:03:01,061 | INFO | app.services.vm_manager | [Firecracker] [[0;32m  OK  [0m] Reached target [0;1;39mSystem Time Set[0m.
2026-02-27 19:03:01,061 | INFO | app.services.vm_manager | [Firecracker] [[0;32m  OK  [0m] Started [0;1;39mDaily apt download activities[0m.
2026-02-27 19:03:01,061 | INFO | app.services.vm_manager | [Firecracker] [[0;32m  OK  [0m] Started [0;1;39mDaily apt upgrade and clean activities[0m.
2026-02-27 19:03:01,061 | INFO | app.services.vm_manager | [Firecracker] [[0;32m  OK  [0m] Started [0;1;39mDaily dpkg database backup timer[0m.
2026-02-27 19:03:01,061 | INFO | app.services.vm_manager | [Firecracker] [[0;32m  OK  [0m] Started [0;1;39mPeriodic ext4 Onli…ata Check for All Filesystems[0m.
2026-02-27 19:03:01,061 | INFO | app.services.vm_manager | [Firecracker] [[0;32m  OK  [0m] Started [0;1;39mDiscard unused blocks once a week[0m.
2026-02-27 19:03:01,061 | INFO | app.services.vm_manager | [Firecracker] [[0;32m  OK  [0m] Started [0;1;39mMessage of the Day[0m.
2026-02-27 19:03:01,061 | INFO | app.services.vm_manager | [Firecracker] [[0;32m  OK  [0m] Reached target [0;1;39mTimer Units[0m.
2026-02-27 19:03:01,061 | INFO | app.services.vm_manager | [Firecracker] [[0;32m  OK  [0m] Listening on [0;1;39mD-Bus System Message Bus Socket[0m.
2026-02-27 19:03:01,061 | INFO | app.services.vm_manager | [Firecracker]          Starting [0;1;39mDocker Socket for the API[0m...
2026-02-27 19:03:01,061 | INFO | app.services.vm_manager | [Firecracker] [[0;32m  OK  [0m] Listening on [0;1;39mDocker Socket for the API[0m.
2026-02-27 19:03:01,061 | INFO | app.services.vm_manager | [Firecracker] [[0;32m  OK  [0m] Reached target [0;1;39mSocket Units[0m.
2026-02-27 19:03:01,061 | INFO | app.services.vm_manager | [Firecracker] [[0;32m  OK  [0m] Reached target [0;1;39mBasic System[0m.
2026-02-27 19:03:01,061 | INFO | app.services.vm_manager | [Firecracker] [[0;32m  OK  [0m] Started [0;1;39mD-Bus System Message Bus[0m.
2026-02-27 19:03:01,061 | INFO | app.services.vm_manager | [Firecracker]          Starting [0;1;39mRemove Stale Onli…t4 Metadata Check Snapshots[0m...
2026-02-27 19:03:01,061 | INFO | app.services.vm_manager | [Firecracker]          Starting [0;1;39mDispatcher daemon for systemd-networkd[0m...
2026-02-27 19:03:01,061 | INFO | app.services.vm_manager | [Firecracker]          Starting [0;1;39mUser Login Management[0m...
2026-02-27 19:03:01,062 | INFO | app.services.vm_manager | [Firecracker] [[0;32m  OK  [0m] Finished [0;1;39mRemove Stale Onli…ext4 Metadata Check Snapshots[0m.
2026-02-27 19:03:01,062 | INFO | app.services.vm_manager | [Firecracker] [[0;32m  OK  [0m] Started [0;1;39mUser Login Management[0m.
2026-02-27 19:03:01,062 | INFO | app.services.vm_manager | [Firecracker] [[0;32m  OK  [0m] Started [0;1;39mNetwork Name Resolution[0m.
2026-02-27 19:03:01,062 | INFO | app.services.vm_manager | [Firecracker] [[0;32m  OK  [0m] Reached target [0;1;39mNetwork[0m.
2026-02-27 19:03:01,062 | INFO | app.services.vm_manager | [Firecracker] [[0;32m  OK  [0m] Reached target [0;1;39mHost and Network Name Lookups[0m.
2026-02-27 19:03:01,062 | INFO | app.services.vm_manager | [Firecracker]          Starting [0;1;39mcontainerd container runtime[0m...
2026-02-27 19:03:01,062 | INFO | app.services.vm_manager | [Firecracker]          Starting [0;1;39mOpenBSD Secure Shell server[0m...
2026-02-27 19:03:01,062 | INFO | app.services.vm_manager | [Firecracker]          Starting [0;1;39mPermit User Sessions[0m...
2026-02-27 19:03:01,062 | INFO | app.services.vm_manager | [Firecracker] [[0;32m  OK  [0m] Finished [0;1;39mPermit User Sessions[0m.
2026-02-27 19:03:01,062 | INFO | app.services.vm_manager | [Firecracker] [[0;32m  OK  [0m] Started [0;1;39mGetty on tty1[0m.
2026-02-27 19:03:01,062 | INFO | app.services.vm_manager | [Firecracker] [[0;32m  OK  [0m] Started [0;1;39mSerial Getty on ttyS0[0m.
2026-02-27 19:03:01,062 | INFO | app.services.vm_manager | [Firecracker] [[0;32m  OK  [0m] Reached target [0;1;39mLogin Prompts[0m.
2026-02-27 19:03:01,062 | INFO | app.services.vm_manager | [Firecracker] [[0;32m  OK  [0m] Started [0;1;39mDispatcher daemon for systemd-networkd[0m.
2026-02-27 19:03:01,062 | INFO | app.services.vm_manager | [Firecracker] [[0;32m  OK  [0m] Started [0;1;39mOpenBSD Secure Shell server[0m.
2026-02-27 19:03:01,062 | INFO | app.services.vm_manager | [Firecracker] [[0;32m  OK  [0m] Started [0;1;39mcontainerd container runtime[0m.
2026-02-27 19:03:05,716 | INFO | app.services.vm_manager | [Firecracker] 
2026-02-27 19:03:05,717 | INFO | app.services.vm_manager | [Firecracker] Ubuntu 22.04.5 LTS 5f823b91f102 ttyS0
2026-02-27 19:03:05,717 | INFO | app.services.vm_manager | [Firecracker] 
2026-02-27 19:03:26,639 | ERROR | app.services.vm_manager | [Firecracker] Terminated
2026-02-27 19:03:26,739 | INFO | app.services.vm_manager | [Firecracker] 5f823b91f102 login: 
2026-02-27 19:03:26,739 | INFO | app.services.vm_manager | Firecracker VM exited (code= 143)
2026-02-27 19:03:26,740 | INFO | app.services.vm_manager | VM Stop completed
